2025-08-16 12:23:08,954 - huggingface_hub.file_download - WARNING - Xet Storage is enabled for this repo, but the 'hf_xet' package is not installed. Falling back to regular HTTP download. For better performance, install the package with: `pip install huggingface_hub[hf_xet]` or `pip install hf_xet`
2025-08-28 22:56:43,439 - huggingface_hub.file_download - WARNING - Xet Storage is enabled for this repo, but the 'hf_xet' package is not installed. Falling back to regular HTTP download. For better performance, install the package with: `pip install huggingface_hub[hf_xet]` or `pip install hf_xet`
2026-08-06 05:15:26,160 - huggingface_hub.file_download - WARNING - Xet Storage is enabled for this repo, but the 'hf_xet' package is not installed. Falling back to regular HTTP download. For better performance, install the package with: `pip install huggingface_hub[hf_xet]` or `pip install hf_xet`
2026-08-07 00:26:12,743 - huggingface_hub.file_download - WARNING - Xet Storage is enabled for this repo, but the 'hf_xet' package is not installed. Falling back to regular HTTP download. For better performance, install the package with: `pip install huggingface_hub[hf_xet]` or `pip install hf_xet`
2026-08-07 00:49:41,237 - huggingface_hub.file_download - WARNING - Error while downloading from https://huggingface.co/ramsrigouthamg/t5_boolean_questions/resolve/main/pytorch_model.bin: HTTPSConnectionPool(host='us.aws.cdn.hf.co', port=443): Read timed out.
Trying to resume download...
2026-08-07 00:49:42,243 - huggingface_hub.utils._http - WARNING - '(MaxRetryError('HTTPSConnectionPool(host=\'huggingface.co\', port=443): Max retries exceeded with url: /ramsrigouthamg/t5_boolean_questions/resolve/main/pytorch_model.bin (Caused by NameResolutionError("HTTPSConnection(host=\'huggingface.co\', port=443): Failed to resolve \'huggingface.co\' ([Errno 11001] getaddrinfo failed)"))'), '(Request ID: 081b5d81-6913-4e71-acaa-27c1f060d1df)')' thrown while requesting GET https://huggingface.co/ramsrigouthamg/t5_boolean_questions/resolve/main/pytorch_model.bin
2026-08-07 00:49:42,243 - huggingface_hub.utils._http - WARNING - Retrying in 1s [Retry 1/5].
2026-08-07 00:49:43,250 - huggingface_hub.utils._http - WARNING - '(MaxRetryError('HTTPSConnectionPool(host=\'huggingface.co\', port=443): Max retries exceeded with url: /ramsrigouthamg/t5_boolean_questions/resolve/main/pytorch_model.bin (Caused by NameResolutionError("HTTPSConnection(host=\'huggingface.co\', port=443): Failed to resolve \'huggingface.co\' ([Errno 11001] getaddrinfo failed)"))'), '(Request ID: 45e3a9e3-57a4-4494-bf29-10864df0ede5)')' thrown while requesting GET https://huggingface.co/ramsrigouthamg/t5_boolean_questions/resolve/main/pytorch_model.bin
2026-08-07 00:49:43,250 - huggingface_hub.utils._http - WARNING - Retrying in 2s [Retry 2/5].
2026-08-07 01:03:25,592 - huggingface_hub.file_download - WARNING - Xet Storage is enabled for this repo, but the 'hf_xet' package is not installed. Falling back to regular HTTP download. For better performance, install the package with: `pip install huggingface_hub[hf_xet]` or `pip install hf_xet`
2026-08-08 00:15:22,253 - huggingface_hub.file_download - WARNING - Xet Storage is enabled for this repo, but the 'hf_xet' package is not installed. Falling back to regular HTTP download. For better performance, install the package with: `pip install huggingface_hub[hf_xet]` or `pip install hf_xet`
2026-08-08 00:35:50,138 - PDFTextCleaner - WARNING - Sentence chunking failed, using paragraph fallback
2026-08-08 00:35:50,140 - PDFTextCleaner - ERROR - Critical cleaning failure: 
**********************************************************************
  Resource 'punkt_tab' not found.
  Please use the NLTK Downloader to obtain the resource:

  >>> import nltk
  >>> nltk.download('punkt_tab')

  For more information see: https://www.nltk.org/data.html

  Attempted to load 'tokenizers/punkt_tab/english/'

  Searched in:
    - 'C:\\Users\\Perry/nltk_data'
    - 'C:\\Users\\Perry\\clone\\plagueX\\ml-backend\\venv\\nltk_data'
    - 'C:\\Users\\Perry\\clone\\plagueX\\ml-backend\\venv\\share\\nltk_data'
    - 'C:\\Users\\Perry\\clone\\plagueX\\ml-backend\\venv\\lib\\nltk_data'
    - 'C:\\Users\\Perry\\AppData\\Roaming\\nltk_data'
    - 'C:\\nltk_data'
    - 'D:\\nltk_data'
    - 'E:\\nltk_data'
**********************************************************************
Traceback (most recent call last):
  File "C:\Users\Perry\clone\plagueX\ml-backend\app\services\pdf_text_cleaner.py", line 165, in clean_text
    self._finalize_diagnostics(cleaned_text, diagnostics)
  File "C:\Users\Perry\clone\plagueX\ml-backend\app\services\pdf_text_cleaner.py", line 440, in _finalize_diagnostics
    sentences = sent_tokenize(text) if NLTK_AVAILABLE else re.split(r'(?<=[.!?])\s+', text)
  File "C:\Users\Perry\clone\plagueX\ml-backend\venv\lib\site-packages\nltk\tokenize\__init__.py", line 119, in sent_tokenize
    tokenizer = _get_punkt_tokenizer(language)
  File "C:\Users\Perry\clone\plagueX\ml-backend\venv\lib\site-packages\nltk\tokenize\__init__.py", line 105, in _get_punkt_tokenizer
    return PunktTokenizer(language)
  File "C:\Users\Perry\clone\plagueX\ml-backend\venv\lib\site-packages\nltk\tokenize\punkt.py", line 1775, in __init__
    self.load_lang(lang)
  File "C:\Users\Perry\clone\plagueX\ml-backend\venv\lib\site-packages\nltk\tokenize\punkt.py", line 1780, in load_lang
    lang_dir = find(f"tokenizers/punkt_tab/{lang}/")
  File "C:\Users\Perry\clone\plagueX\ml-backend\venv\lib\site-packages\nltk\data.py", line 877, in find
    raise LookupError(resource_not_found)
LookupError: 
**********************************************************************
  Resource 'punkt_tab' not found.
  Please use the NLTK Downloader to obtain the resource:

  >>> import nltk
  >>> nltk.download('punkt_tab')

  For more information see: https://www.nltk.org/data.html

  Attempted to load 'tokenizers/punkt_tab/english/'

  Searched in:
    - 'C:\\Users\\Perry/nltk_data'
    - 'C:\\Users\\Perry\\clone\\plagueX\\ml-backend\\venv\\nltk_data'
    - 'C:\\Users\\Perry\\clone\\plagueX\\ml-backend\\venv\\share\\nltk_data'
    - 'C:\\Users\\Perry\\clone\\plagueX\\ml-backend\\venv\\lib\\nltk_data'
    - 'C:\\Users\\Perry\\AppData\\Roaming\\nltk_data'
    - 'C:\\nltk_data'
    - 'D:\\nltk_data'
    - 'E:\\nltk_data'
**********************************************************************

2026-08-08 00:36:00,627 - PDFTextCleaner - WARNING - Sentence chunking failed, using paragraph fallback
2026-08-08 00:36:00,629 - PDFTextCleaner - ERROR - Critical cleaning failure: 
**********************************************************************
  Resource 'punkt_tab' not found.
  Please use the NLTK Downloader to obtain the resource:

  >>> import nltk
  >>> nltk.download('punkt_tab')

  For more information see: https://www.nltk.org/data.html

  Attempted to load 'tokenizers/punkt_tab/english/'

  Searched in:
    - 'C:\\Users\\Perry/nltk_data'
    - 'C:\\Users\\Perry\\clone\\plagueX\\ml-backend\\venv\\nltk_data'
    - 'C:\\Users\\Perry\\clone\\plagueX\\ml-backend\\venv\\share\\nltk_data'
    - 'C:\\Users\\Perry\\clone\\plagueX\\ml-backend\\venv\\lib\\nltk_data'
    - 'C:\\Users\\Perry\\AppData\\Roaming\\nltk_data'
    - 'C:\\nltk_data'
    - 'D:\\nltk_data'
    - 'E:\\nltk_data'
**********************************************************************
Traceback (most recent call last):
  File "C:\Users\Perry\clone\plagueX\ml-backend\app\services\pdf_text_cleaner.py", line 165, in clean_text
    self._finalize_diagnostics(cleaned_text, diagnostics)
  File "C:\Users\Perry\clone\plagueX\ml-backend\app\services\pdf_text_cleaner.py", line 440, in _finalize_diagnostics
    sentences = sent_tokenize(text) if NLTK_AVAILABLE else re.split(r'(?<=[.!?])\s+', text)
  File "C:\Users\Perry\clone\plagueX\ml-backend\venv\lib\site-packages\nltk\tokenize\__init__.py", line 119, in sent_tokenize
    tokenizer = _get_punkt_tokenizer(language)
  File "C:\Users\Perry\clone\plagueX\ml-backend\venv\lib\site-packages\nltk\tokenize\__init__.py", line 105, in _get_punkt_tokenizer
    return PunktTokenizer(language)
  File "C:\Users\Perry\clone\plagueX\ml-backend\venv\lib\site-packages\nltk\tokenize\punkt.py", line 1775, in __init__
    self.load_lang(lang)
  File "C:\Users\Perry\clone\plagueX\ml-backend\venv\lib\site-packages\nltk\tokenize\punkt.py", line 1780, in load_lang
    lang_dir = find(f"tokenizers/punkt_tab/{lang}/")
  File "C:\Users\Perry\clone\plagueX\ml-backend\venv\lib\site-packages\nltk\data.py", line 877, in find
    raise LookupError(resource_not_found)
LookupError: 
**********************************************************************
  Resource 'punkt_tab' not found.
  Please use the NLTK Downloader to obtain the resource:

  >>> import nltk
  >>> nltk.download('punkt_tab')

  For more information see: https://www.nltk.org/data.html

  Attempted to load 'tokenizers/punkt_tab/english/'

  Searched in:
    - 'C:\\Users\\Perry/nltk_data'
    - 'C:\\Users\\Perry\\clone\\plagueX\\ml-backend\\venv\\nltk_data'
    - 'C:\\Users\\Perry\\clone\\plagueX\\ml-backend\\venv\\share\\nltk_data'
    - 'C:\\Users\\Perry\\clone\\plagueX\\ml-backend\\venv\\lib\\nltk_data'
    - 'C:\\Users\\Perry\\AppData\\Roaming\\nltk_data'
    - 'C:\\nltk_data'
    - 'D:\\nltk_data'
    - 'E:\\nltk_data'
**********************************************************************

2026-08-08 00:36:23,287 - PDFTextCleaner - WARNING - Sentence chunking failed, using paragraph fallback
2026-08-08 00:36:23,290 - PDFTextCleaner - ERROR - Critical cleaning failure: 
**********************************************************************
  Resource 'punkt_tab' not found.
  Please use the NLTK Downloader to obtain the resource:

  >>> import nltk
  >>> nltk.download('punkt_tab')

  For more information see: https://www.nltk.org/data.html

  Attempted to load 'tokenizers/punkt_tab/english/'

  Searched in:
    - 'C:\\Users\\Perry/nltk_data'
    - 'C:\\Users\\Perry\\clone\\plagueX\\ml-backend\\venv\\nltk_data'
    - 'C:\\Users\\Perry\\clone\\plagueX\\ml-backend\\venv\\share\\nltk_data'
    - 'C:\\Users\\Perry\\clone\\plagueX\\ml-backend\\venv\\lib\\nltk_data'
    - 'C:\\Users\\Perry\\AppData\\Roaming\\nltk_data'
    - 'C:\\nltk_data'
    - 'D:\\nltk_data'
    - 'E:\\nltk_data'
**********************************************************************
Traceback (most recent call last):
  File "C:\Users\Perry\clone\plagueX\ml-backend\app\services\pdf_text_cleaner.py", line 165, in clean_text
    self._finalize_diagnostics(cleaned_text, diagnostics)
  File "C:\Users\Perry\clone\plagueX\ml-backend\app\services\pdf_text_cleaner.py", line 440, in _finalize_diagnostics
    sentences = sent_tokenize(text) if NLTK_AVAILABLE else re.split(r'(?<=[.!?])\s+', text)
  File "C:\Users\Perry\clone\plagueX\ml-backend\venv\lib\site-packages\nltk\tokenize\__init__.py", line 119, in sent_tokenize
    tokenizer = _get_punkt_tokenizer(language)
  File "C:\Users\Perry\clone\plagueX\ml-backend\venv\lib\site-packages\nltk\tokenize\__init__.py", line 105, in _get_punkt_tokenizer
    return PunktTokenizer(language)
  File "C:\Users\Perry\clone\plagueX\ml-backend\venv\lib\site-packages\nltk\tokenize\punkt.py", line 1775, in __init__
    self.load_lang(lang)
  File "C:\Users\Perry\clone\plagueX\ml-backend\venv\lib\site-packages\nltk\tokenize\punkt.py", line 1780, in load_lang
    lang_dir = find(f"tokenizers/punkt_tab/{lang}/")
  File "C:\Users\Perry\clone\plagueX\ml-backend\venv\lib\site-packages\nltk\data.py", line 877, in find
    raise LookupError(resource_not_found)
LookupError: 
**********************************************************************
  Resource 'punkt_tab' not found.
  Please use the NLTK Downloader to obtain the resource:

  >>> import nltk
  >>> nltk.download('punkt_tab')

  For more information see: https://www.nltk.org/data.html

  Attempted to load 'tokenizers/punkt_tab/english/'

  Searched in:
    - 'C:\\Users\\Perry/nltk_data'
    - 'C:\\Users\\Perry\\clone\\plagueX\\ml-backend\\venv\\nltk_data'
    - 'C:\\Users\\Perry\\clone\\plagueX\\ml-backend\\venv\\share\\nltk_data'
    - 'C:\\Users\\Perry\\clone\\plagueX\\ml-backend\\venv\\lib\\nltk_data'
    - 'C:\\Users\\Perry\\AppData\\Roaming\\nltk_data'
    - 'C:\\nltk_data'
    - 'D:\\nltk_data'
    - 'E:\\nltk_data'
**********************************************************************

